
Memory Configuration

Name             Origin             Length             Attributes
ROM              0x0000000000000000 0x0000000000010000 xrw
RAM              0x0000000080000000 0x0000000000010000 xrw
*default*        0x0000000000000000 0xffffffffffffffff

Linker script and memory map

                0x0000000000002000                __heap_size = 0x2000
                0x0000000000008000                __stack_size = 0x8000

.text           0x0000000000000000      0x184
 *(.boot)
 .boot          0x0000000000000000       0x94 ../lib/crt.s.o
                0x0000000000000000                _boot
 *(.text)
 .text          0x0000000000000094       0xf0 ./main.o
                0x0000000000000094                setDirection
                0x00000000000000a0                readDirection
                0x00000000000000ac                setGPIO
                0x00000000000000b8                readGPIO
                0x00000000000000c4                setTimer
                0x00000000000000d0                pinMode
                0x0000000000000100                digitalRead
                0x000000000000011c                digitalWrite
                0x000000000000014c                getTimer
                0x0000000000000158                resetTimer
                0x0000000000000164                sleep
 .text          0x0000000000000184        0x0 ../lib/crt.s.o

.text.startup   0x0000000000000184       0xf8
 .text.startup  0x0000000000000184       0xf8 ./main.o
                0x0000000000000184                main

.data           0x0000000080000000        0x0
 *(.rodata*)
 *(.*data*)
 .data          0x0000000080000000        0x0 ./main.o
 .data          0x0000000080000000        0x0 ../lib/crt.s.o
 *(.sbss)
 *(.bss)
 .bss           0x0000000080000000        0x0 ./main.o
 .bss           0x0000000080000000        0x0 ../lib/crt.s.o
 *(.rela*)
 *(COMMON)
                0x0000000080000000                _heap = .
                0x0000000080010000                PROVIDE (_sstack = (ORIGIN (RAM) + LENGTH (RAM)))
LOAD ./main.o
LOAD ../lib/crt.s.o
OUTPUT(main.elf elf32-littleriscv)

.comment        0x0000000000000000       0x2c
 .comment       0x0000000000000000       0x2c ./main.o
                                         0x2d (size before relaxing)

.note.GNU-stack
                0x0000000000000000        0x0
 .note.GNU-stack
                0x0000000000000000        0x0 ./main.o
