
Memory Configuration

Name             Origin             Length             Attributes
ROM              0x0000000000000000 0x0000000000010000 xrw
RAM              0x0000000080000000 0x0000000000010000 xrw
IO               0x0000000030000000 0x0000000000000010 rw
*default*        0x0000000000000000 0xffffffffffffffff

Linker script and memory map

                0x0000000000002000                __heap_size = 0x2000
                0x0000000000008000                __stack_size = 0x8000

.text           0x0000000000000000      0x18c
 *(.boot)
 .boot          0x0000000000000000       0x94 ./crt.s.o
                0x0000000000000000                _boot
 *(.text)
 .text          0x0000000000000094       0xf8 ./main.o
                0x0000000000000094                pinMode
                0x00000000000000c4                setDirection
                0x00000000000000d0                readDirection
                0x00000000000000dc                digitalRead
                0x0000000000000100                setGPIO
                0x000000000000010c                readGPIO
                0x0000000000000118                digitalWrite
                0x0000000000000148                setTimer
                0x0000000000000154                getTimer
                0x0000000000000160                resetTimer
                0x000000000000016c                sleep
 .text          0x000000000000018c        0x0 ./crt.s.o
 *(.text)

.text.startup   0x000000000000018c      0x108
 .text.startup  0x000000000000018c      0x108 ./main.o
                0x000000000000018c                main

.data           0x0000000080000000        0x0
 *(.rodata*)
 *(.sbss)
 *(.data)
 .data          0x0000000080000000        0x0 ./main.o
 .data          0x0000000080000000        0x0 ./crt.s.o
 *(.bss)
 .bss           0x0000000080000000        0x0 ./main.o
 .bss           0x0000000080000000        0x0 ./crt.s.o
 *(.rela*)
 *(COMMON)

.heap           0x0000000080000000     0x2000
                0x0000000080000000                . = ALIGN (0x4)
                [!provide]                        PROVIDE (end = .)
                0x0000000080000000                _sheap = .
                0x0000000080002000                . = (. + __heap_size)
 *fill*         0x0000000080000000     0x2000 
                0x0000000080002000                . = ALIGN (0x4)
                0x0000000080002000                _eheap = .

.stack          0x0000000080002000     0x8000
                0x0000000080002000                . = ALIGN (0x4)
                0x0000000080002000                _estack = .
                0x000000008000a000                . = (. + __stack_size)
 *fill*         0x0000000080002000     0x8000 
                0x000000008000a000                . = ALIGN (0x4)
                0x000000008000a000                _sstack = .
LOAD ./main.o
LOAD ./crt.s.o
OUTPUT(main.elf elf32-littleriscv)

.comment        0x0000000000000000       0x2c
 .comment       0x0000000000000000       0x2c ./main.o
                                         0x2d (size before relaxing)

.note.GNU-stack
                0x0000000000000000        0x0
 .note.GNU-stack
                0x0000000000000000        0x0 ./main.o
