
Memory Configuration

Name             Origin             Length             Attributes
ROM              0x0000000000000000 0x0000000000010000 xrw
RAM              0x0000000080000000 0x0000000000010000 xrw
*default*        0x0000000000000000 0xffffffffffffffff

Linker script and memory map

                0x0000000000002000                __heap_size = 0x2000
                0x0000000000008000                __stack_size = 0x8000

.text           0x0000000000000000      0x9a0
 *(.boot)
 .boot          0x0000000000000000       0x94 ./crt.s.o
                0x0000000000000000                _boot
 *(.text)
 .text          0x0000000000000094       0xf0 ./io.o
                0x0000000000000094                pinMode
                0x00000000000000c4                digitalRead
                0x00000000000000e0                digitalWrite
                0x0000000000000110                getTimer
                0x000000000000011c                resetTimer
                0x0000000000000128                sleep
                0x0000000000000148                setDirection
                0x0000000000000154                readDirection
                0x0000000000000160                setGPIO
                0x000000000000016c                readGPIO
                0x0000000000000178                setTimer
 .text          0x0000000000000184      0x688 ./stdio.o
                0x0000000000000184                gets
                0x000000000000025c                putstr
                0x000000000000029c                puts
                0x00000000000002b8                putdx
                0x00000000000003b0                putx
                0x00000000000003b8                putd
                0x00000000000003c0                printf
                0x00000000000004bc                strncmp
                0x00000000000004f0                strcmp
                0x00000000000004f8                strlen
                0x0000000000000518                memcpy
                0x000000000000053c                memset
                0x0000000000000558                strtok
                0x00000000000005f8                atoi
                0x000000000000064c                xtoi
                0x000000000000068c                __umulsi3
                0x00000000000006c0                __mulsi3
                0x0000000000000710                __udiv_umod_si3
                0x0000000000000768                __udivsi3
                0x0000000000000770                __umodsi3
                0x0000000000000778                __div_mod_si3
                0x00000000000007fc                __divsi3
                0x0000000000000804                __modsi3
 .text          0x000000000000080c       0x7c ./main.o
                0x000000000000080c                header
 .text          0x0000000000000888      0x118 ./uart.o
                0x0000000000000888                uart_reg_read
                0x0000000000000898                uart_reg_write
                0x00000000000008a8                uart_rx_empty
                0x00000000000008b8                uart_tx_full
                0x00000000000008cc                uart_read
                0x00000000000008dc                uart_write
                0x00000000000008e8                uart_divisor
                0x0000000000000908                uart_init
                0x0000000000000938                getchar
                0x0000000000000954                putchar
 .text          0x00000000000009a0        0x0 ./crt.s.o

.text.startup   0x00000000000009a0       0x9c
 .text.startup  0x00000000000009a0       0x9c ./main.o
                0x00000000000009a0                main

.data           0x0000000080000000      0xcc8
 *(.rodata*)
 .rodata.str1.4
                0x0000000080000000       0x19 ./stdio.o
 *fill*         0x0000000080000019        0x3 
 .rodata        0x000000008000001c       0x40 ./stdio.o
 .rodata.str1.4
                0x000000008000005c      0xc5b ./main.o
 *(.*data*)
 .data          0x0000000080000cb7        0x0 ./io.o
 .data          0x0000000080000cb7        0x0 ./stdio.o
 .data          0x0000000080000cb7        0x0 ./main.o
 *fill*         0x0000000080000cb7        0x1 
 .sdata         0x0000000080000cb8        0xc ./main.o
                0x0000000080000cb8                heapcheck
                0x0000000080000cbc                logocv
                0x0000000080000cc0                logorv
 .data          0x0000000080000cc4        0x0 ./uart.o
 .data          0x0000000080000cc4        0x0 ./crt.s.o
 *(.sbss)
 .sbss          0x0000000080000cc4        0x4 ./stdio.o
 *(.bss)
 .bss           0x0000000080000cc8        0x0 ./io.o
 .bss           0x0000000080000cc8        0x0 ./stdio.o
 .bss           0x0000000080000cc8        0x0 ./main.o
 .bss           0x0000000080000cc8        0x0 ./uart.o
 .bss           0x0000000080000cc8        0x0 ./crt.s.o
 *(.rela*)
 *(COMMON)
                0x0000000080000cc8                _heap = .
                0x0000000080010000                PROVIDE (_sstack = (ORIGIN (RAM) + LENGTH (RAM)))
LOAD ./io.o
LOAD ./stdio.o
LOAD ./main.o
LOAD ./uart.o
LOAD ./crt.s.o
OUTPUT(main.elf elf32-littleriscv)

.comment        0x0000000000000000       0x12
 .comment       0x0000000000000000       0x12 ./io.o
                                         0x13 (size before relaxing)
 .comment       0x0000000000000012       0x13 ./stdio.o
 .comment       0x0000000000000012       0x13 ./main.o
 .comment       0x0000000000000012       0x13 ./uart.o

.riscv.attributes
                0x0000000000000000       0x1c
 .riscv.attributes
                0x0000000000000000       0x1c ./io.o
 .riscv.attributes
                0x000000000000001c       0x1c ./stdio.o
 .riscv.attributes
                0x0000000000000038       0x1c ./main.o
 .riscv.attributes
                0x0000000000000054       0x1c ./uart.o
 .riscv.attributes
                0x0000000000000070       0x1a ./crt.s.o
