
Memory Configuration

Name             Origin             Length             Attributes
ROM              0x0000000000000000 0x0000000000010000 xrw
RAM              0x0000000080000000 0x0000000000010000 xrw
*default*        0x0000000000000000 0xffffffffffffffff

Linker script and memory map

                0x0000000000002000                __heap_size = 0x2000
                0x0000000000008000                __stack_size = 0x8000

.text           0x0000000000000000      0x9f4
 *(.boot)
 .boot          0x0000000000000000       0x94 ../lib/crt.s.o
                0x0000000000000000                _boot
 *(.text)
 .text          0x0000000000000094       0xd0 ./main.o
                0x0000000000000094                header
 .text          0x0000000000000164       0xf0 ../lib/io.o
                0x0000000000000164                pinMode
                0x0000000000000194                digitalRead
                0x00000000000001b0                digitalWrite
                0x00000000000001e0                getTimer
                0x00000000000001ec                resetTimer
                0x00000000000001f8                sleep
                0x0000000000000218                setDirection
                0x0000000000000224                readDirection
                0x0000000000000230                setGPIO
                0x000000000000023c                readGPIO
                0x0000000000000248                setTimer
 .text          0x0000000000000254      0x688 ../lib/stdio.o
                0x0000000000000254                gets
                0x000000000000032c                putstr
                0x000000000000036c                puts
                0x0000000000000388                putdx
                0x0000000000000480                putx
                0x0000000000000488                putd
                0x0000000000000490                printf
                0x000000000000058c                strncmp
                0x00000000000005c0                strcmp
                0x00000000000005c8                strlen
                0x00000000000005e8                memcpy
                0x000000000000060c                memset
                0x0000000000000628                strtok
                0x00000000000006c8                atoi
                0x000000000000071c                xtoi
                0x000000000000075c                __umulsi3
                0x0000000000000790                __mulsi3
                0x00000000000007e0                __udiv_umod_si3
                0x0000000000000838                __udivsi3
                0x0000000000000840                __umodsi3
                0x0000000000000848                __div_mod_si3
                0x00000000000008cc                __divsi3
                0x00000000000008d4                __modsi3
 .text          0x00000000000008dc      0x118 ../lib/uart.o
                0x00000000000008dc                uart_reg_read
                0x00000000000008ec                uart_reg_write
                0x00000000000008fc                uart_rx_empty
                0x000000000000090c                uart_tx_full
                0x0000000000000920                uart_read
                0x0000000000000930                uart_write
                0x000000000000093c                uart_divisor
                0x000000000000095c                uart_init
                0x000000000000098c                getchar
                0x00000000000009a8                putchar
 .text          0x00000000000009f4        0x0 ../lib/crt.s.o

.text.startup   0x00000000000009f4       0xe8
 .text.startup  0x00000000000009f4       0xe8 ./main.o
                0x00000000000009f4                main

.data           0x0000000080000000      0xd0c
 *(.rodata*)
 .rodata.str1.4
                0x0000000080000000      0xc9f ./main.o
 *fill*         0x0000000080000c9f        0x1 
 .rodata.str1.4
                0x0000000080000ca0       0x19 ../lib/stdio.o
 *fill*         0x0000000080000cb9        0x3 
 .rodata        0x0000000080000cbc       0x40 ../lib/stdio.o
 *(.*data*)
 .data          0x0000000080000cfc        0x0 ./main.o
 .sdata         0x0000000080000cfc        0xc ./main.o
                0x0000000080000cfc                heapcheck
                0x0000000080000d00                logocv
                0x0000000080000d04                logorv
 .data          0x0000000080000d08        0x0 ../lib/io.o
 .data          0x0000000080000d08        0x0 ../lib/stdio.o
 .data          0x0000000080000d08        0x0 ../lib/uart.o
 .data          0x0000000080000d08        0x0 ../lib/crt.s.o
 *(.sbss)
 .sbss          0x0000000080000d08        0x4 ../lib/stdio.o
 *(.bss)
 .bss           0x0000000080000d0c        0x0 ./main.o
 .bss           0x0000000080000d0c        0x0 ../lib/io.o
 .bss           0x0000000080000d0c        0x0 ../lib/stdio.o
 .bss           0x0000000080000d0c        0x0 ../lib/uart.o
 .bss           0x0000000080000d0c        0x0 ../lib/crt.s.o
 *(.rela*)
 *(COMMON)
                0x0000000080000d0c                _heap = .
                0x0000000080010000                PROVIDE (_sstack = (ORIGIN (RAM) + LENGTH (RAM)))
LOAD ./main.o
LOAD ../lib/io.o
LOAD ../lib/stdio.o
LOAD ../lib/uart.o
LOAD ../lib/crt.s.o
OUTPUT(main.elf elf32-littleriscv)

.comment        0x0000000000000000       0x2c
 .comment       0x0000000000000000       0x2c ./main.o
                                         0x2d (size before relaxing)
 .comment       0x000000000000002c       0x2d ../lib/io.o
 .comment       0x000000000000002c       0x2d ../lib/stdio.o
 .comment       0x000000000000002c       0x2d ../lib/uart.o

.note.GNU-stack
                0x0000000000000000        0x0
 .note.GNU-stack
                0x0000000000000000        0x0 ./main.o
 .note.GNU-stack
                0x0000000000000000        0x0 ../lib/io.o
 .note.GNU-stack
                0x0000000000000000        0x0 ../lib/stdio.o
 .note.GNU-stack
                0x0000000000000000        0x0 ../lib/uart.o
